PS C:\Users\hnsil\Documents\GFC\cursor files\GFC-System>
 *  History restored 

 ======
PS C:\Users\hnsil\Documents\GFC\cursor files\GFC-System> # WHAT IT DOES:
PS C:\Users\hnsil\Documents\GFC\cursor files\GFC-System> # - Produces evidence files (routes, projects, term hits, auth/roles/policy hits, health/metrics/retention/feature-flag hits)
PS C:\Users\hnsil\Documents\GFC\cursor files\GFC-System> # - Dumps minimal file snippets ONLY for high-signal config/code markers (no full source export)
PS C:\Users\hnsil\Documents\GFC\cursor files\GFC-System> # EDIT THIS PATH ONLY:
PS C:\Users\hnsil\Documents\GFC\cursor files\GFC-System> $ROOT = "C:\Users\hnsil\Documents\GFC\cursor files\GFC-System"      
PS C:\Users\hnsil\Documents\GFC\cursor files\GFC-System> 
PS C:\Users\hnsil\Documents\GFC\cursor files\GFC-System> $ts = Get-Date -Format "yyyyMMdd_HHmmss"
PS C:\Users\hnsil\Documents\GFC\cursor files\GFC-System> $outRoot = Join-Path $env:TEMP "GFC_STUDIO_WEBAPP_REALITY_$ts"      
PS C:\Users\hnsil\Documents\GFC\cursor files\GFC-System> New-Item -ItemType Directory -Path $outRoot -Force | Out-Null       
PS C:\Users\hnsil\Documents\GFC\cursor files\GFC-System> 
PS C:\Users\hnsil\Documents\GFC\cursor files\GFC-System> function Write-Out([string]$name, $content) {
>> }
PS C:\Users\hnsil\Documents\GFC\cursor files\GFC-System> function Try-ReadHead([string]$path, [int]$lines = 120) {
eption.Message)") }
>>     $all += Get-ChildItem -Path $ROOT -Recurse -Force -ErrorAction SilentlyContinue -Filter $p
>>   }
>>   $all | Sort-Object FullName -Unique
>> }
PS C:\Users\hnsil\Documents\GFC\cursor files\GFC-System>
PS C:\Users\hnsil\Documents\GFC\cursor files\GFC-System> Write-Out "00_ROOT.txt" @(
>>   "Timestamp=$ts"
>>   ""
>>   "Top-level folders:"
>>   (Get-ChildItem -Path $ROOT -Directory -Force -ErrorAction SilentlyContinue | Select-Object -ExpandProperty FullName)    
>> )
PS C:\Users\hnsil\Documents\GFC\cursor files\GFC-System> $csprojs = Get-ChildItem -Path $ROOT -Recurse -Force -ErrorAction SiPS C:\Users\hnsil\Documents\GFC\cursor files\GFC-System>
PS C:\Users\hnsil\Documents\GFC\cursor files\GFC-System> Write-Out "01_SOLUTIONS.txt" ($slNs  | ForEach-Object FullName)     
PS C:\Users\hnsil\Documents\GFC\cursor files\GFC-System> Write-Out "02_CSPROJ.txt"    ($csprojs | ForEach-Object FullName)   
PS C:\Users\hnsil\Documents\GFC\cursor files\GFC-System> Write-Out "03_PACKAGE_JSON.txt" ($pkg | ForEach-Object FullName)    
PS C:\Users\hnsil\Documents\GFC\cursor files\GFC-System>
PS C:\Users\hnsil\Documents\GFC\cursor files\GFC-System> # 2) dotnet sln project lists (proof of what's inside each solution)
PS C:\Users\hnsil\Documents\GFC\cursor files\GFC-System> foreach ($sln in $slNs) {
>>   $safe = SafeName $sln.FullName
>>   $dest = Join-Path $outRoot ("10_SLN_PROJECTS_" + $safe + ".txt")
>>   try { dotnet sln $sln.FullName list 2>&1 | Out-File $dest -Encoding UTF8 }
>>   catch { "FAILED dotnet sln list: $($_.Exception.Message)" | Out-File $dest -Encoding UTF8 }
>> }
PS C:\Users\hnsil\Documents\GFC\cursor files\GFC-System>
PS C:\Users\hnsil\Documents\GFC\cursor files\GFC-System> $razor = Get-ChildItem -Path $ROOT -Recurse -Force -ErrorAction SilePS C:\Users\hnsil\Documents\GFC\cursor files\GFC-System> $routeLines = foreach ($f in $razor) {
>>   Select-String -Path $f.FullName -Pattern '^\s*@page\s+"' -ErrorAction SilentlyContinue |
PS C:\Users\hnsil\Documents\GFC\cursor files\GFC-System> Write-Out "20_BLAZOR_ROUTES.txt" ($routeLines | Sort-Object)        
PS C:\Users\hnsil\Documents\GFC\cursor files\GFC-System>
PS C:\Users\hnsil\Documents\GFC\cursor files\GFC-System> # 4) Next.js / Studio-style app detection
PS C:\Users\hnsil\Documents\GFC\cursor files\GFC-System> $nextConfig = Find-Files @("next.config.*")
PS C:\Users\hnsil\Documents\GFC\cursor files\GFC-System> Write-Out "21_NEXT_CONFIG.txt" ($nextConfig | ForEach-Object FullName)
PS C:\Users\hnsil\Documents\GFC\cursor files\GFC-System>
PS C:\Users\hnsil\Documents\GFC\cursor files\GFC-System> $nextSignals = @()
PS C:\Users\hnsil\Documents\GFC\cursor files\GFC-System> foreach ($p in $pkg) {
>>   $dir = Split-Path $p.FullName -Parent
>>   $hasApp   = Test-Path (Join-Path $dir "app")
>>   $hasPages = Test-Path (Join-Path $dir "pages")
>>   $hasPrisma= Test-Path (Join-Path $dir "prisma")
>>   $nextSignals += @(
>>     "package.json: $($p.FullName)"
>>     "  has app/:   $hasApp"
>>     "  has pages/: $hasPages"
>>     ""
>>   )
>> }
PS C:\Users\hnsil\Documents\GFC\cursor files\GFC-System>
PS C:\Users\hnsil\Documents\GFC\cursor files\GFC-System> # 5) HIGH-SIGNAL term hits across code (covers Studio R3 I-M: validation/flags/health/RBAC/retention/audit/publish)
PS C:\Users\hnsil\Documents\GFC\cursor files\GFC-System> $codeFiles = Get-ChildItem -Path $ROOT -Recurse -Force -ErrorAction 
SilentlyContinue -File `
>>   -Include *.cs,*.razor,*.cshtml,*.json,*.yml,*.yaml,*.ts,*.tsx,*.js,*.jsx,*.md,*.sql,*.ps1
PS C:\Users\hnsil\Documents\GFC\cursor files\GFC-System>
PS C:\Users\hnsil\Documents\GFC\cursor files\GFC-System> $terms = @(
>>   # Studio identity / merge
>>   "GFC Web Studio","Web Studio","Studio","Animation Playground","Playground","Publish","Publisher","Draft","Workflow",    
>>   # I: Validation + gates
>>   "Validation","RuleId","Rule registry","RuleRegistry","RuleExecutor","ValidationContext","Pre-publish","Publish gate","Blocking",
>>   # J: env + flags + kill
>>   "Environment","FeatureFlag","FlagKey","KillSwitch","Kill switch","IsKillSwitch","Feature flag",
>>   # K: observability
>>   "Health","HealthCheck","Liveness","Readiness","Metrics","Meter","OpenTelemetry","Telemetry","Tracing","CorrelationId",  
>>   # L: RBAC / auth
>>   "Authorize","Authorization","IAuthorizationService","Policy","Roles","Role","Permission","RBAC","Claims","Permission",  
>>   # M: retention / export / legal hold
>>   "Retention","Legal hold","LegalHold","Purge","Delete","Deletion","Export","Archive","Compliance",
>>   # audit / logs (cross-cutting)
>>   "Audit","AuditLog","AuditTrail","_AI_Audit","PromptReport","PromptIndex"
>> )
PS C:\Users\hnsil\Documents\GFC\cursor files\GFC-System>
PS C:\Users\hnsil\Documents\GFC\cursor files\GFC-System> $termHits = foreach ($t in $terms) {
>>   $m = Select-String -Path ($codeFiles.FullName) -Pattern $t -SimpleMatch -ErrorAction SilentlyContinue
>>   foreach ($x in $m) { "$t :: $($x.Path):$($x.LineNumber) :: $($x.Line.Trim())" }
>> }

 *  History restored 

PS C:\Users\hnsil\Documents\GFC\cursor files\GFC-System> function Write-Out {
>>   param([string]$path, [int]$lines = 150)
>>   Get-Content -LiteralPath $path -TotalCount $lines
>> }
PS C:\Users\hnsil\Documents\GFC\cursor files\GFC-System> 
PS C:\Users\hnsil\Documents\GFC\cursor files\GFC-System> # ROOT
>>   "Timestamp=$ts"
>>   (Get-ChildItem -Path $ROOT -Directory | Select-Object -Expand FullName)
>> )
PS C:\Users\hnsil\Documents\GFC\cursor files\GFC-System>
PS C:\Users\hnsil\Documents\GFC\cursor files\GFC-System> $slNs = Get-ChildItem $ROOT -Recurse -Filter *.sln
PS C:\Users\hnsil\Documents\GFC\cursor files\GFC-System> $csprojs = Get-ChildItem $ROOT -Recurse -Filter *.csproj
PS C:\Users\hnsil\Documents\GFC\cursor files\GFC-System> $pkgs = Get-ChildItem $ROOT -Recurse -Filter package.json
PS C:\Users\hnsil\Documents\GFC\cursor files\GFC-System>
PS C:\Users\hnsil\Documents\GFC\cursor files\GFC-System> Write-Out "01_SOLUTIONS.txt" ($slNs.FullName)
PS C:\Users\hnsil\Documents\GFC\cursor files\GFC-System> Write-Out "02_CSPROJ.txt" ($csprojs.FullName)
PS C:\Users\hnsil\Documents\GFC\cursor files\GFC-System> Write-Out "03_PACKAGE_JSON.txt" ($pkgs.FullName)
PS C:\Users\hnsil\Documents\GFC\cursor files\GFC-System>
PS C:\Users\hnsil\Documents\GFC\cursor files\GFC-System> # ROUTES
PS C:\Users\hnsil\Documents\GFC\cursor files\GFC-System> Write-Out "20_BLAZOR_ROUTES.txt" ($routes | Sort-Object)
>>   "Validation","RuleRegistry","FeatureFlag","KillSwitch",
>>   "Health","Metrics","OpenTelemetry",
>>   Select-String $files.FullName $t -SimpleMatch |
>> }
exist.
+   Select-String $files.FullName $t -SimpleMatch |
    + CategoryInfo          : ObjectNotFound: (C:\Users\hnsil\...stem\Validation:String) [Select-String], ItemNotFoundExcep  
    + FullyQualifiedErrorId : PathNotFound,Microsoft.PowerShell.Commands.SelectStringCommand
 
PS C:\Users\hnsil\Documents\GFC\cursor files\GFC-System>
PS C:\Users\hnsil\Documents\GFC\cursor files\GFC-System> Write-Out "30_TERM_HITS.txt" ($hits | Sort-Object)
PS C:\Users\hnsil\Documents\GFC\cursor files\GFC-System>
PS C:\Users\hnsil\Documents\GFC\cursor files\GFC-System> # CONFIG
PS C:\Users\hnsil\Documents\GFC\cursor files\GFC-System> $configs = Get-ChildItem $ROOT -Recurse -Include appsettings*.json,launchSettings.json
PS C:\Users\hnsil\Documents\GFC\cursor files\GFC-System> Write-Out "40_CONFIG_FILES.txt" ($configs.FullName)
PS C:\Users\hnsil\Documents\GFC\cursor files\GFC-System>
PS C:\Users\hnsil\Documents\GFC\cursor files\GFC-System> foreach ($c in $configs) {
>>   Head $c.FullName | Out-File (Join-Path $outRoot ("CFG_" + $c.Name + ".txt"))
>> }
PS C:\Users\hnsil\Documents\GFC\cursor files\GFC-System>
PS C:\Users\hnsil\Documents\GFC\cursor files\GFC-System> # ZIP
PS C:\Users\hnsil\Documents\GFC\cursor files\GFC-System> $zip = Join-Path $env:TEMP "GFC_STUDIO_WEBAPP_REALITY_$ts.zip"      
PS C:\Users\hnsil\Documents\GFC\cursor files\GFC-System> Compress-Archive "$outRoot\*" $zip -Force
PS C:\Users\hnsil\Documents\GFC\cursor files\GFC-System>
PS C:\Users\hnsil\Documents\GFC\cursor files\GFC-System> Write-Host ""

PS C:\Users\hnsil\Documents\GFC\cursor files\GFC-System> Write-Host "====================================="
=====================================
PS C:\Users\hnsil\Documents\GFC\cursor files\GFC-System> Write-Host " SCAN COMPLETE - SUCCESS"
 SCAN COMPLETE — SUCCESS
PS C:\Users\hnsil\Documents\GFC\cursor files\GFC-System> Write-Host " Upload this ZIP:"
 Upload this ZIP:
PS C:\Users\hnsil\Documents\GFC\cursor files\GFC-System> Write-Host " $zip"
 C:\Users\hnsil\AppData\Local\Temp\GFC_STUDIO_WEBAPP_REALITY_20251215_123710.zip
PS C:\Users\hnsil\Documents\GFC\cursor files\GFC-System> Write-Host "====================================="
=====================================
PS C:\Users\hnsil\Documents\GFC\cursor files\GFC-System>